// Jest Snapshot v1, https://goo.gl/fbAQLP

exports[`parses kbd parses a big fixture 1`] = `
"<p>Blabla <kbd>ok</kbd> kxcvj <kbd>ok foo</kbd> sdff</p>
<p>sdf |||| df</p>
<p>sfdgs | | dfg || dgsg | qs</p>
<p>With two pipes: ||key|| you'll get <kbd>key</kbd>.</p>
<p>It can contain inline markdown:</p>
<ul>
<li><kbd>hell<a href=\\"#he\\"><del>o</del></a>?</kbd></li>
</ul>
<p>It cannot contain blocks:</p>
<ul>
<li><kbd>hello: [[secret]]?</kbd></li>
</ul>"
`;

exports[`to markdown 1`] = `
"Blabla ||ok|| kxcvj ||ok foo|| sdff

sdf |||| df

sfdgs | | dfg || dgsg | qs

With two pipes: \\\\||key|| you'll get ||key||.

It can contain inline markdown:

-   ||hell[~~o~~](#he)?||

It cannot contain blocks:

-   ||hello: \\\\[[secret]]?||
"
`;
